<!DOCTYPE html><html lang=""><head><meta charset="utf-8"><meta http-equiv="X-UA-Compatible" content="IE=edge"><meta name="viewport" content="width=device-width,initial-scale=1"><link rel="icon" href="favicon.ico"><title>Golden Doge</title><link href="static/css/app.66d3591b.css" rel="stylesheet"></head><body><noscript><strong>We're sorry but swapdemo1 doesn't work properly without JavaScript enabled. Please enable it to continue.</strong></noscript><div id="app"></div><script src="static/js/runtime~app.882106f0.js"></script><script src="static/js/app.4bb0e279.js"></script></body><style>html{
    scroll-behavior: smooth;
  }</style></html>